[0.034s][info][gc] Using G1
[0.039s][info][gc,init] Version: 17.0.6+1-b653.28 (release)
[0.040s][info][gc,init] CPUs: 8 total, 8 available
[0.041s][info][gc,init] Memory: 7785M
[0.042s][info][gc,init] Large Page Support: Disabled
[0.042s][info][gc,init] NUMA Support: Disabled
[0.043s][info][gc,init] Compressed Oops: Enabled (Zero based)
[0.044s][info][gc,init] Heap Region Size: 4M
[0.045s][info][gc,init] Heap Min Capacity: 8M
[0.046s][info][gc,init] Heap Initial Capacity: 124M
[0.047s][info][gc,init] Heap Max Capacity: 5452M
[0.048s][info][gc,init] Pre-touch: Disabled
[0.049s][info][gc,init] Parallel Workers: 8
[0.050s][info][gc,init] Concurrent Workers: 2
[0.051s][info][gc,init] Concurrent Refinement Workers: 8
[0.052s][info][gc,init] Periodic GC: Disabled
[0.053s][info][gc,metaspace] CDS archive(s) not mapped
[0.054s][info][gc,metaspace] Compressed class space mapped at: 0x0000000800000000-0x0000000840000000, reserved size: 1073741824
[0.055s][info][gc,metaspace] Narrow klass base: 0x0000000800000000, Narrow klass shift: 0, Narrow klass range: 0x40000000
[0.498s][info][gc,start    ] GC(0) Pause Young (Normal) (G1 Evacuation Pause)
[0.499s][info][gc,task     ] GC(0) Using 6 workers of 8 for evacuation
[0.506s][info][gc,phases   ] GC(0)   Pre Evacuate Collection Set: 0.1ms
[0.506s][info][gc,phases   ] GC(0)   Merge Heap Roots: 0.2ms
[0.507s][info][gc,phases   ] GC(0)   Evacuate Collection Set: 4.9ms
[0.508s][info][gc,phases   ] GC(0)   Post Evacuate Collection Set: 1.0ms
[0.508s][info][gc,phases   ] GC(0)   Other: 2.1ms
[0.509s][info][gc,heap     ] GC(0) Eden regions: 5->0(4)
[0.509s][info][gc,heap     ] GC(0) Survivor regions: 0->1(1)
[0.510s][info][gc,heap     ] GC(0) Old regions: 0->1
[0.510s][info][gc,heap     ] GC(0) Archive regions: 0->0
[0.511s][info][gc,heap     ] GC(0) Humongous regions: 0->0
[0.512s][info][gc,metaspace] GC(0) Metaspace: 18873K(19072K)->18873K(19072K) NonClass: 17123K(17216K)->17123K(17216K) Class: 1750K(1856K)->1750K(1856K)
[0.512s][info][gc          ] GC(0) Pause Young (Normal) (G1 Evacuation Pause) 20M->6M(124M) 14.729ms
[0.513s][info][gc,cpu      ] GC(0) User=0.04s Sys=0.00s Real=0.01s
[0.565s][info][gc,start    ] GC(1) Pause Young (Concurrent Start) (Metadata GC Threshold)
[0.566s][info][gc,task     ] GC(1) Using 8 workers of 8 for evacuation
[0.570s][info][gc,phases   ] GC(1)   Pre Evacuate Collection Set: 0.2ms
[0.571s][info][gc,phases   ] GC(1)   Merge Heap Roots: 0.2ms
[0.572s][info][gc,phases   ] GC(1)   Evacuate Collection Set: 2.6ms
[0.572s][info][gc,phases   ] GC(1)   Post Evacuate Collection Set: 0.5ms
[0.573s][info][gc,phases   ] GC(1)   Other: 1.6ms
[0.574s][info][gc,heap     ] GC(1) Eden regions: 2->0(8)
[0.574s][info][gc,heap     ] GC(1) Survivor regions: 1->1(1)
[0.575s][info][gc,heap     ] GC(1) Old regions: 1->2
[0.576s][info][gc,heap     ] GC(1) Archive regions: 0->0
[0.576s][info][gc,heap     ] GC(1) Humongous regions: 0->0
[0.577s][info][gc,metaspace] GC(1) Metaspace: 21335K(21504K)->21335K(21504K) NonClass: 19270K(19328K)->19270K(19328K) Class: 2065K(2176K)->2065K(2176K)
[0.578s][info][gc          ] GC(1) Pause Young (Concurrent Start) (Metadata GC Threshold) 11M->7M(124M) 12.548ms
[0.578s][info][gc,cpu      ] GC(1) User=0.01s Sys=0.00s Real=0.02s
[0.579s][info][gc          ] GC(2) Concurrent Mark Cycle
[0.580s][info][gc,marking  ] GC(2) Concurrent Clear Claimed Marks
[0.580s][info][gc,marking  ] GC(2) Concurrent Clear Claimed Marks 0.532ms
[0.581s][info][gc,marking  ] GC(2) Concurrent Scan Root Regions
[0.587s][info][gc,marking  ] GC(2) Concurrent Scan Root Regions 5.948ms
[0.587s][info][gc,marking  ] GC(2) Concurrent Mark
[0.588s][info][gc,marking  ] GC(2) Concurrent Mark From Roots
[0.589s][info][gc,task     ] GC(2) Using 2 workers of 2 for marking
[0.596s][info][gc,marking  ] GC(2) Concurrent Mark From Roots 8.453ms
[0.602s][info][gc,marking  ] GC(2) Concurrent Preclean
[0.603s][info][gc,marking  ] GC(2) Concurrent Preclean 1.846ms
[0.609s][info][gc,start    ] GC(2) Pause Remark
[0.612s][info][gc          ] GC(2) Pause Remark 13M->13M(68M) 2.425ms
[0.612s][info][gc,cpu      ] GC(2) User=0.01s Sys=0.00s Real=0.00s
[0.614s][info][gc,marking  ] GC(2) Concurrent Mark 26.404ms
[0.615s][info][gc,marking  ] GC(2) Concurrent Rebuild Remembered Sets
[0.620s][info][gc,marking  ] GC(2) Concurrent Rebuild Remembered Sets 5.132ms
[0.638s][info][gc,start    ] GC(2) Pause Cleanup
[0.638s][info][gc          ] GC(2) Pause Cleanup 16M->16M(68M) 0.724ms
[0.639s][info][gc,cpu      ] GC(2) User=0.00s Sys=0.00s Real=0.00s
[0.640s][info][gc,marking  ] GC(2) Concurrent Cleanup for Next Mark
[0.644s][info][gc,marking  ] GC(2) Concurrent Cleanup for Next Mark 4.239ms
[0.645s][info][gc          ] GC(2) Concurrent Mark Cycle 65.616ms
[0.955s][info][gc,start    ] GC(3) Pause Young (Prepare Mixed) (Metadata GC Threshold)
[0.955s][info][gc,task     ] GC(3) Using 8 workers of 8 for evacuation
[0.965s][info][gc,phases   ] GC(3)   Pre Evacuate Collection Set: 0.2ms
[0.966s][info][gc,phases   ] GC(3)   Merge Heap Roots: 0.1ms
[0.966s][info][gc,phases   ] GC(3)   Evacuate Collection Set: 7.6ms
[0.967s][info][gc,phases   ] GC(3)   Post Evacuate Collection Set: 0.9ms
[0.968s][info][gc,phases   ] GC(3)   Other: 1.5ms
[0.968s][info][gc,heap     ] GC(3) Eden regions: 8->0(1)
[0.969s][info][gc,heap     ] GC(3) Survivor regions: 1->2(2)
[0.969s][info][gc,heap     ] GC(3) Old regions: 2->3
[0.970s][info][gc,heap     ] GC(3) Archive regions: 0->0
[0.970s][info][gc,heap     ] GC(3) Humongous regions: 0->0
[0.971s][info][gc,metaspace] GC(3) Metaspace: 36314K(36608K)->36314K(36608K) NonClass: 32310K(32448K)->32310K(32448K) Class: 4004K(4160K)->4004K(4160K)
[0.972s][info][gc          ] GC(3) Pause Young (Prepare Mixed) (Metadata GC Threshold) 38M->14M(68M) 16.797ms
[0.972s][info][gc,cpu      ] GC(3) User=0.03s Sys=0.03s Real=0.02s
[0.990s][info][gc,start    ] GC(4) Pause Young (Mixed) (Metadata GC Threshold)
[0.991s][info][gc,task     ] GC(4) Using 8 workers of 8 for evacuation
[1.005s][info][gc,phases   ] GC(4)   Pre Evacuate Collection Set: 0.3ms
[1.005s][info][gc,phases   ] GC(4)   Merge Heap Roots: 0.2ms
[1.006s][info][gc,phases   ] GC(4)   Evacuate Collection Set: 11.3ms
[1.007s][info][gc,phases   ] GC(4)   Post Evacuate Collection Set: 0.9ms
[1.008s][info][gc,phases   ] GC(4)   Other: 1.7ms
[1.008s][info][gc,heap     ] GC(4) Eden regions: 1->0(4)
[1.009s][info][gc,heap     ] GC(4) Survivor regions: 2->1(1)
[1.010s][info][gc,heap     ] GC(4) Old regions: 3->4
[1.011s][info][gc,heap     ] GC(4) Archive regions: 0->0
[1.011s][info][gc,heap     ] GC(4) Humongous regions: 0->0
[1.012s][info][gc,metaspace] GC(4) Metaspace: 36577K(36928K)->36577K(36928K) NonClass: 32542K(32704K)->32542K(32704K) Class: 4035K(4224K)->4035K(4224K)
[1.013s][info][gc          ] GC(4) Pause Young (Mixed) (Metadata GC Threshold) 15M->15M(68M) 22.541ms
[1.013s][info][gc,cpu      ] GC(4) User=0.03s Sys=0.06s Real=0.02s
[1.035s][info][gc,start    ] GC(5) Pause Young (Concurrent Start) (Metadata GC Threshold)
[1.036s][info][gc,task     ] GC(5) Using 8 workers of 8 for evacuation
[1.039s][info][gc,phases   ] GC(5)   Pre Evacuate Collection Set: 0.2ms
[1.040s][info][gc,phases   ] GC(5)   Merge Heap Roots: 0.2ms
[1.040s][info][gc,phases   ] GC(5)   Evacuate Collection Set: 1.3ms
[1.041s][info][gc,phases   ] GC(5)   Post Evacuate Collection Set: 0.6ms
[1.042s][info][gc,phases   ] GC(5)   Other: 1.8ms
[1.043s][info][gc,heap     ] GC(5) Eden regions: 1->0(5)
[1.043s][info][gc,heap     ] GC(5) Survivor regions: 1->1(1)
[1.044s][info][gc,heap     ] GC(5) Old regions: 4->4
[1.045s][info][gc,heap     ] GC(5) Archive regions: 0->0
[1.046s][info][gc,heap     ] GC(5) Humongous regions: 0->0
[1.047s][info][gc,metaspace] GC(5) Metaspace: 36975K(37248K)->36975K(37248K) NonClass: 32883K(33024K)->32883K(33024K) Class: 4091K(4224K)->4091K(4224K)
[1.047s][info][gc          ] GC(5) Pause Young (Concurrent Start) (Metadata GC Threshold) 16M->15M(68M) 12.758ms
[1.048s][info][gc,cpu      ] GC(5) User=0.02s Sys=0.00s Real=0.02s
[1.049s][info][gc          ] GC(6) Concurrent Mark Cycle
[1.050s][info][gc,marking  ] GC(6) Concurrent Clear Claimed Marks
[1.051s][info][gc,marking  ] GC(6) Concurrent Clear Claimed Marks 0.883ms
[1.051s][info][gc,marking  ] GC(6) Concurrent Scan Root Regions
[1.054s][info][gc,marking  ] GC(6) Concurrent Scan Root Regions 2.719ms
[1.055s][info][gc,marking  ] GC(6) Concurrent Mark
[1.056s][info][gc,marking  ] GC(6) Concurrent Mark From Roots
[1.057s][info][gc,task     ] GC(6) Using 2 workers of 2 for marking
[1.099s][info][gc,marking  ] GC(6) Concurrent Mark From Roots 43.538ms
[1.101s][info][gc,marking  ] GC(6) Concurrent Preclean
[1.101s][info][gc,marking  ] GC(6) Concurrent Preclean 0.927ms
[1.104s][info][gc,start    ] GC(6) Pause Remark
[1.109s][info][gc          ] GC(6) Pause Remark 16M->16M(68M) 4.870ms
[1.110s][info][gc,cpu      ] GC(6) User=0.03s Sys=0.00s Real=0.01s
[1.116s][info][gc,marking  ] GC(6) Concurrent Mark 61.137ms
[1.117s][info][gc,marking  ] GC(6) Concurrent Rebuild Remembered Sets
[1.126s][info][gc,marking  ] GC(6) Concurrent Rebuild Remembered Sets 9.539ms
[1.128s][info][gc,start    ] GC(6) Pause Cleanup
[1.130s][info][gc          ] GC(6) Pause Cleanup 17M->17M(68M) 1.026ms
[1.130s][info][gc,cpu      ] GC(6) User=0.00s Sys=0.00s Real=0.00s
[1.131s][info][gc,marking  ] GC(6) Concurrent Cleanup for Next Mark
[1.136s][info][gc,marking  ] GC(6) Concurrent Cleanup for Next Mark 4.710ms
[1.136s][info][gc          ] GC(6) Concurrent Mark Cycle 87.193ms
[1.328s][info][gc,start    ] GC(7) Pause Young (Concurrent Start) (G1 Evacuation Pause)
[1.329s][info][gc,task     ] GC(7) Using 8 workers of 8 for evacuation
[1.335s][info][gc,phases   ] GC(7)   Pre Evacuate Collection Set: 0.2ms
[1.336s][info][gc,phases   ] GC(7)   Merge Heap Roots: 0.2ms
[1.336s][info][gc,phases   ] GC(7)   Evacuate Collection Set: 3.9ms
[1.337s][info][gc,phases   ] GC(7)   Post Evacuate Collection Set: 0.9ms
[1.338s][info][gc,phases   ] GC(7)   Other: 1.6ms
[1.339s][info][gc,heap     ] GC(7) Eden regions: 5->0(5)
[1.339s][info][gc,heap     ] GC(7) Survivor regions: 1->1(1)
[1.340s][info][gc,heap     ] GC(7) Old regions: 4->4
[1.341s][info][gc,heap     ] GC(7) Archive regions: 0->0
[1.341s][info][gc,heap     ] GC(7) Humongous regions: 0->0
[1.342s][info][gc,metaspace] GC(7) Metaspace: 45167K(45568K)->45167K(45568K) NonClass: 40089K(40320K)->40089K(40320K) Class: 5078K(5248K)->5078K(5248K)
[1.343s][info][gc          ] GC(7) Pause Young (Concurrent Start) (G1 Evacuation Pause) 35M->19M(68M) 14.888ms
[1.344s][info][gc,cpu      ] GC(7) User=0.03s Sys=0.00s Real=0.01s
[1.344s][info][gc          ] GC(8) Concurrent Mark Cycle
[1.345s][info][gc,marking  ] GC(8) Concurrent Clear Claimed Marks
[1.346s][info][gc,marking  ] GC(8) Concurrent Clear Claimed Marks 0.589ms
[1.346s][info][gc,marking  ] GC(8) Concurrent Scan Root Regions
[1.352s][info][gc,marking  ] GC(8) Concurrent Scan Root Regions 5.471ms
[1.352s][info][gc,marking  ] GC(8) Concurrent Mark
[1.353s][info][gc,marking  ] GC(8) Concurrent Mark From Roots
[1.353s][info][gc,task     ] GC(8) Using 2 workers of 2 for marking
[1.371s][info][gc,marking  ] GC(8) Concurrent Mark From Roots 18.393ms
[1.372s][info][gc,marking  ] GC(8) Concurrent Preclean
[1.372s][info][gc,marking  ] GC(8) Concurrent Preclean 0.486ms
[1.373s][info][gc,start    ] GC(8) Pause Remark
[1.376s][info][gc          ] GC(8) Pause Remark 23M->23M(68M) 2.458ms
[1.376s][info][gc,cpu      ] GC(8) User=0.01s Sys=0.00s Real=0.00s
[1.377s][info][gc,marking  ] GC(8) Concurrent Mark 24.715ms
[1.377s][info][gc,marking  ] GC(8) Concurrent Rebuild Remembered Sets
[1.378s][info][gc,marking  ] GC(8) Concurrent Rebuild Remembered Sets 0.526ms
[1.379s][info][gc,start    ] GC(8) Pause Cleanup
[1.379s][info][gc          ] GC(8) Pause Cleanup 23M->23M(68M) 0.604ms
[1.380s][info][gc,cpu      ] GC(8) User=0.00s Sys=0.00s Real=0.00s
[1.381s][info][gc,marking  ] GC(8) Concurrent Cleanup for Next Mark
[1.382s][info][gc,marking  ] GC(8) Concurrent Cleanup for Next Mark 1.165ms
[1.383s][info][gc          ] GC(8) Concurrent Mark Cycle 38.170ms
[1.753s][info][gc,start    ] GC(9) Pause Young (Normal) (G1 Evacuation Pause)
[1.754s][info][gc,task     ] GC(9) Using 8 workers of 8 for evacuation
[1.760s][info][gc,phases   ] GC(9)   Pre Evacuate Collection Set: 0.3ms
[1.760s][info][gc,phases   ] GC(9)   Merge Heap Roots: 0.2ms
[1.761s][info][gc,phases   ] GC(9)   Evacuate Collection Set: 3.6ms
[1.762s][info][gc,phases   ] GC(9)   Post Evacuate Collection Set: 0.8ms
[1.763s][info][gc,phases   ] GC(9)   Other: 1.7ms
[1.763s][info][gc,heap     ] GC(9) Eden regions: 5->0(5)
[1.764s][info][gc,heap     ] GC(9) Survivor regions: 1->1(1)
[1.764s][info][gc,heap     ] GC(9) Old regions: 4->5
[1.765s][info][gc,heap     ] GC(9) Archive regions: 0->0
[1.765s][info][gc,heap     ] GC(9) Humongous regions: 0->0
[1.766s][info][gc,metaspace] GC(9) Metaspace: 48131K(48704K)->48131K(48704K) NonClass: 42655K(43008K)->42655K(43008K) Class: 5475K(5696K)->5475K(5696K)
[1.767s][info][gc          ] GC(9) Pause Young (Normal) (G1 Evacuation Pause) 39M->21M(68M) 13.710ms
[1.767s][info][gc,cpu      ] GC(9) User=0.04s Sys=0.00s Real=0.02s
[2.113s][info][gc,start    ] GC(10) Pause Young (Normal) (G1 Evacuation Pause)
[2.113s][info][gc,task     ] GC(10) Using 8 workers of 8 for evacuation
[2.120s][info][gc,phases   ] GC(10)   Pre Evacuate Collection Set: 0.2ms
[2.120s][info][gc,phases   ] GC(10)   Merge Heap Roots: 0.2ms
[2.121s][info][gc,phases   ] GC(10)   Evacuate Collection Set: 3.7ms
[2.121s][info][gc,phases   ] GC(10)   Post Evacuate Collection Set: 1.5ms
[2.122s][info][gc,phases   ] GC(10)   Other: 1.3ms
[2.122s][info][gc,heap     ] GC(10) Eden regions: 5->0(16)
[2.123s][info][gc,heap     ] GC(10) Survivor regions: 1->1(1)
[2.123s][info][gc,heap     ] GC(10) Old regions: 5->5
[2.124s][info][gc,heap     ] GC(10) Archive regions: 0->0
[2.124s][info][gc,heap     ] GC(10) Humongous regions: 0->0
[2.125s][info][gc,metaspace] GC(10) Metaspace: 59817K(60480K)->59817K(60480K) NonClass: 53011K(53376K)->53011K(53376K) Class: 6805K(7104K)->6805K(7104K)
[2.125s][info][gc          ] GC(10) Pause Young (Normal) (G1 Evacuation Pause) 41M->23M(136M) 12.635ms
[2.126s][info][gc,cpu      ] GC(10) User=0.03s Sys=0.00s Real=0.01s
[3.074s][info][gc,start    ] GC(11) Pause Young (Concurrent Start) (Metadata GC Threshold)
[3.075s][info][gc,task     ] GC(11) Using 8 workers of 8 for evacuation
[3.095s][info][gc,phases   ] GC(11)   Pre Evacuate Collection Set: 0.4ms
[3.096s][info][gc,phases   ] GC(11)   Merge Heap Roots: 0.1ms
[3.097s][info][gc,phases   ] GC(11)   Evacuate Collection Set: 15.8ms
[3.097s][info][gc,phases   ] GC(11)   Post Evacuate Collection Set: 2.6ms
[3.098s][info][gc,phases   ] GC(11)   Other: 1.7ms
[3.099s][info][gc,heap     ] GC(11) Eden regions: 14->0(13)
[3.100s][info][gc,heap     ] GC(11) Survivor regions: 1->3(3)
[3.100s][info][gc,heap     ] GC(11) Old regions: 5->6
[3.101s][info][gc,heap     ] GC(11) Archive regions: 0->0
[3.101s][info][gc,heap     ] GC(11) Humongous regions: 0->0
[3.102s][info][gc,metaspace] GC(11) Metaspace: 75724K(76416K)->75724K(76416K) NonClass: 66994K(67392K)->66994K(67392K) Class: 8730K(9024K)->8730K(9024K)
[3.103s][info][gc          ] GC(11) Pause Young (Concurrent Start) (Metadata GC Threshold) 76M->32M(136M) 28.970ms
[3.104s][info][gc,cpu      ] GC(11) User=0.08s Sys=0.07s Real=0.03s
[3.105s][info][gc          ] GC(12) Concurrent Mark Cycle
[3.106s][info][gc,marking  ] GC(12) Concurrent Clear Claimed Marks
[3.108s][info][gc,marking  ] GC(12) Concurrent Clear Claimed Marks 1.998ms
[3.109s][info][gc,marking  ] GC(12) Concurrent Scan Root Regions
[3.119s][info][gc,marking  ] GC(12) Concurrent Scan Root Regions 10.277ms
[3.120s][info][gc,marking  ] GC(12) Concurrent Mark
[3.120s][info][gc,marking  ] GC(12) Concurrent Mark From Roots
[3.121s][info][gc,task     ] GC(12) Using 2 workers of 2 for marking
[3.148s][info][gc,marking  ] GC(12) Concurrent Mark From Roots 27.293ms
[3.149s][info][gc,marking  ] GC(12) Concurrent Preclean
[3.150s][info][gc,marking  ] GC(12) Concurrent Preclean 0.940ms
[3.152s][info][gc,start    ] GC(12) Pause Remark
[3.156s][info][gc          ] GC(12) Pause Remark 33M->33M(136M) 3.867ms
[3.156s][info][gc,cpu      ] GC(12) User=0.01s Sys=0.01s Real=0.00s
[3.157s][info][gc,marking  ] GC(12) Concurrent Mark 37.635ms
[3.158s][info][gc,marking  ] GC(12) Concurrent Rebuild Remembered Sets
[3.169s][info][gc,marking  ] GC(12) Concurrent Rebuild Remembered Sets 10.769ms
[3.171s][info][gc,start    ] GC(12) Pause Cleanup
[3.172s][info][gc          ] GC(12) Pause Cleanup 34M->34M(136M) 0.894ms
[3.172s][info][gc,cpu      ] GC(12) User=0.01s Sys=0.00s Real=0.00s
[3.173s][info][gc,marking  ] GC(12) Concurrent Cleanup for Next Mark
[3.175s][info][gc,marking  ] GC(12) Concurrent Cleanup for Next Mark 1.828ms
[3.176s][info][gc          ] GC(12) Concurrent Mark Cycle 71.210ms
[3.805s][info][gc,start    ] GC(13) Pause Young (Prepare Mixed) (G1 Evacuation Pause)
[3.806s][info][gc,task     ] GC(13) Using 8 workers of 8 for evacuation
[3.820s][info][gc,phases   ] GC(13)   Pre Evacuate Collection Set: 0.2ms
[3.821s][info][gc,phases   ] GC(13)   Merge Heap Roots: 0.2ms
[3.822s][info][gc,phases   ] GC(13)   Evacuate Collection Set: 11.5ms
[3.823s][info][gc,phases   ] GC(13)   Post Evacuate Collection Set: 1.2ms
[3.823s][info][gc,phases   ] GC(13)   Other: 1.7ms
[3.824s][info][gc,heap     ] GC(13) Eden regions: 13->0(1)
[3.825s][info][gc,heap     ] GC(13) Survivor regions: 3->2(2)
[3.826s][info][gc,heap     ] GC(13) Old regions: 6->10
[3.827s][info][gc,heap     ] GC(13) Archive regions: 0->0
[3.828s][info][gc,heap     ] GC(13) Humongous regions: 3->3
[3.828s][info][gc,metaspace] GC(13) Metaspace: 83676K(84608K)->83676K(84608K) NonClass: 73924K(74432K)->73924K(74432K) Class: 9752K(10176K)->9752K(10176K)
[3.829s][info][gc          ] GC(13) Pause Young (Prepare Mixed) (G1 Evacuation Pause) 96M->56M(136M) 24.241ms
[3.830s][info][gc,cpu      ] GC(13) User=0.09s Sys=0.00s Real=0.03s
[3.847s][info][gc,start    ] GC(14) Pause Young (Mixed) (G1 Evacuation Pause)
[3.848s][info][gc,task     ] GC(14) Using 8 workers of 8 for evacuation
[3.857s][info][gc,phases   ] GC(14)   Pre Evacuate Collection Set: 0.3ms
[3.858s][info][gc,phases   ] GC(14)   Merge Heap Roots: 0.4ms
[3.859s][info][gc,phases   ] GC(14)   Evacuate Collection Set: 6.7ms
[3.860s][info][gc,phases   ] GC(14)   Post Evacuate Collection Set: 0.8ms
[3.861s][info][gc,phases   ] GC(14)   Other: 2.2ms
[3.862s][info][gc,heap     ] GC(14) Eden regions: 1->0(8)
[3.863s][info][gc,heap     ] GC(14) Survivor regions: 2->1(1)
[3.864s][info][gc,heap     ] GC(14) Old regions: 10->12
[3.865s][info][gc,heap     ] GC(14) Archive regions: 0->0
[3.865s][info][gc,heap     ] GC(14) Humongous regions: 3->3
[3.866s][info][gc,metaspace] GC(14) Metaspace: 83676K(84608K)->83676K(84608K) NonClass: 73924K(74432K)->73924K(74432K) Class: 9752K(10176K)->9752K(10176K)
[3.867s][info][gc          ] GC(14) Pause Young (Mixed) (G1 Evacuation Pause) 60M->59M(136M) 20.449ms
[3.868s][info][gc,cpu      ] GC(14) User=0.05s Sys=0.00s Real=0.02s
[4.448s][info][gc,start    ] GC(15) Pause Young (Concurrent Start) (G1 Evacuation Pause)
[4.448s][info][gc,task     ] GC(15) Using 8 workers of 8 for evacuation
[4.457s][info][gc,phases   ] GC(15)   Pre Evacuate Collection Set: 0.3ms
[4.458s][info][gc,phases   ] GC(15)   Merge Heap Roots: 0.1ms
[4.459s][info][gc,phases   ] GC(15)   Evacuate Collection Set: 6.2ms
[4.459s][info][gc,phases   ] GC(15)   Post Evacuate Collection Set: 1.2ms
[4.460s][info][gc,phases   ] GC(15)   Other: 1.4ms
[4.461s][info][gc,heap     ] GC(15) Eden regions: 8->0(22)
[4.462s][info][gc,heap     ] GC(15) Survivor regions: 1->2(2)
[4.462s][info][gc,heap     ] GC(15) Old regions: 12->12
[4.463s][info][gc,heap     ] GC(15) Archive regions: 0->0
[4.464s][info][gc,heap     ] GC(15) Humongous regions: 3->3
[4.464s][info][gc,metaspace] GC(15) Metaspace: 94252K(95232K)->94252K(95232K) NonClass: 83085K(83648K)->83085K(83648K) Class: 11166K(11584K)->11166K(11584K)
[4.465s][info][gc          ] GC(15) Pause Young (Concurrent Start) (G1 Evacuation Pause) 91M->64M(240M) 17.211ms
[4.466s][info][gc,cpu      ] GC(15) User=0.05s Sys=0.02s Real=0.01s
[4.466s][info][gc          ] GC(16) Concurrent Mark Cycle
[4.468s][info][gc,marking  ] GC(16) Concurrent Clear Claimed Marks
[4.469s][info][gc,marking  ] GC(16) Concurrent Clear Claimed Marks 0.590ms
[4.469s][info][gc,marking  ] GC(16) Concurrent Scan Root Regions
[4.472s][info][gc,marking  ] GC(16) Concurrent Scan Root Regions 3.215ms
[4.473s][info][gc,marking  ] GC(16) Concurrent Mark
[4.474s][info][gc,marking  ] GC(16) Concurrent Mark From Roots
[4.474s][info][gc,task     ] GC(16) Using 2 workers of 2 for marking
[4.511s][info][gc,marking  ] GC(16) Concurrent Mark From Roots 37.659ms
[4.512s][info][gc,marking  ] GC(16) Concurrent Preclean
[4.513s][info][gc,marking  ] GC(16) Concurrent Preclean 0.934ms
[4.514s][info][gc,start    ] GC(16) Pause Remark
[4.518s][info][gc          ] GC(16) Pause Remark 70M->70M(240M) 3.995ms
[4.519s][info][gc,cpu      ] GC(16) User=0.01s Sys=0.00s Real=0.01s
[4.520s][info][gc,marking  ] GC(16) Concurrent Mark 47.049ms
[4.521s][info][gc,marking  ] GC(16) Concurrent Rebuild Remembered Sets
[4.538s][info][gc,marking  ] GC(16) Concurrent Rebuild Remembered Sets 16.766ms
[4.539s][info][gc,start    ] GC(16) Pause Cleanup
[4.540s][info][gc          ] GC(16) Pause Cleanup 75M->75M(240M) 0.854ms
[4.540s][info][gc,cpu      ] GC(16) User=0.00s Sys=0.00s Real=0.00s
[4.541s][info][gc,marking  ] GC(16) Concurrent Cleanup for Next Mark
[4.543s][info][gc,marking  ] GC(16) Concurrent Cleanup for Next Mark 1.797ms
[4.544s][info][gc          ] GC(16) Concurrent Mark Cycle 77.236ms
[7.187s][info][gc,start    ] GC(17) Pause Young (Prepare Mixed) (G1 Evacuation Pause)
[7.188s][info][gc,task     ] GC(17) Using 8 workers of 8 for evacuation
[7.205s][info][gc,phases   ] GC(17)   Pre Evacuate Collection Set: 0.4ms
[7.206s][info][gc,phases   ] GC(17)   Merge Heap Roots: 0.2ms
[7.207s][info][gc,phases   ] GC(17)   Evacuate Collection Set: 14.4ms
[7.207s][info][gc,phases   ] GC(17)   Post Evacuate Collection Set: 1.5ms
[7.208s][info][gc,phases   ] GC(17)   Other: 1.6ms
[7.209s][info][gc,heap     ] GC(17) Eden regions: 22->0(1)
[7.209s][info][gc,heap     ] GC(17) Survivor regions: 2->3(3)
[7.210s][info][gc,heap     ] GC(17) Old regions: 12->13
[7.211s][info][gc,heap     ] GC(17) Archive regions: 0->0
[7.212s][info][gc,heap     ] GC(17) Humongous regions: 3->3
[7.213s][info][gc,metaspace] GC(17) Metaspace: 99293K(100352K)->99293K(100352K) NonClass: 87513K(88128K)->87513K(88128K) Class: 11779K(12224K)->11779K(12224K)
[7.213s][info][gc          ] GC(17) Pause Young (Prepare Mixed) (G1 Evacuation Pause) 152M->73M(240M) 25.961ms
[7.214s][info][gc,cpu      ] GC(17) User=0.09s Sys=0.02s Real=0.02s
[8.677s][info][gc,start    ] GC(18) Pause Young (Mixed) (G1 Evacuation Pause)
[8.678s][info][gc,task     ] GC(18) Using 8 workers of 8 for evacuation
[8.699s][info][gc,phases   ] GC(18)   Pre Evacuate Collection Set: 0.3ms
[8.700s][info][gc,phases   ] GC(18)   Merge Heap Roots: 0.3ms
[8.701s][info][gc,phases   ] GC(18)   Evacuate Collection Set: 18.3ms
[8.702s][info][gc,phases   ] GC(18)   Post Evacuate Collection Set: 1.3ms
[8.703s][info][gc,phases   ] GC(18)   Other: 2.2ms
[8.704s][info][gc,heap     ] GC(18) Eden regions: 1->0(23)
[8.705s][info][gc,heap     ] GC(18) Survivor regions: 3->1(1)
[8.706s][info][gc,heap     ] GC(18) Old regions: 13->16
[8.707s][info][gc,heap     ] GC(18) Archive regions: 0->0
[8.708s][info][gc,heap     ] GC(18) Humongous regions: 3->3
[8.708s][info][gc,metaspace] GC(18) Metaspace: 100330K(101376K)->100330K(101376K) NonClass: 88432K(89024K)->88432K(89024K) Class: 11897K(12352K)->11897K(12352K)
[8.709s][info][gc          ] GC(18) Pause Young (Mixed) (G1 Evacuation Pause) 76M->75M(240M) 32.127ms
[8.710s][info][gc,cpu      ] GC(18) User=0.13s Sys=0.01s Real=0.03s
[13.915s][info][gc,start    ] GC(19) Pause Young (Normal) (G1 Preventive Collection)
[13.916s][info][gc,task     ] GC(19) Using 8 workers of 8 for evacuation
[13.930s][info][gc,phases   ] GC(19)   Pre Evacuate Collection Set: 0.2ms
[13.931s][info][gc,phases   ] GC(19)   Merge Heap Roots: 0.2ms
[13.931s][info][gc,phases   ] GC(19)   Evacuate Collection Set: 11.1ms
[13.932s][info][gc,phases   ] GC(19)   Post Evacuate Collection Set: 1.7ms
[13.933s][info][gc,phases   ] GC(19)   Other: 2.0ms
[13.934s][info][gc,heap     ] GC(19) Eden regions: 20->0(15)
[13.934s][info][gc,heap     ] GC(19) Survivor regions: 1->3(3)
[13.935s][info][gc,heap     ] GC(19) Old regions: 16->16
[13.936s][info][gc,heap     ] GC(19) Archive regions: 0->0
[13.937s][info][gc,heap     ] GC(19) Humongous regions: 17->12
[13.937s][info][gc,metaspace] GC(19) Metaspace: 121460K(122624K)->121460K(122624K) NonClass: 106462K(107136K)->106462K(107136K) Class: 14998K(15488K)->14998K(15488K)
[13.938s][info][gc          ] GC(19) Pause Young (Normal) (G1 Preventive Collection) 211M->117M(240M) 23.387ms
[13.939s][info][gc,cpu      ] GC(19) User=0.07s Sys=0.02s Real=0.03s
[14.312s][info][gc,start    ] GC(20) Pause Young (Normal) (G1 Evacuation Pause)
[14.313s][info][gc,task     ] GC(20) Using 8 workers of 8 for evacuation
[14.332s][info][gc,phases   ] GC(20)   Pre Evacuate Collection Set: 0.2ms
[14.333s][info][gc,phases   ] GC(20)   Merge Heap Roots: 0.2ms
[14.334s][info][gc,phases   ] GC(20)   Evacuate Collection Set: 17.6ms
[14.335s][info][gc,phases   ] GC(20)   Post Evacuate Collection Set: 0.8ms
[14.335s][info][gc,phases   ] GC(20)   Other: 1.7ms
[14.336s][info][gc,heap     ] GC(20) Eden regions: 15->0(11)
[14.337s][info][gc,heap     ] GC(20) Survivor regions: 3->3(3)
[14.338s][info][gc,heap     ] GC(20) Old regions: 16->17
[14.338s][info][gc,heap     ] GC(20) Archive regions: 0->0
[14.339s][info][gc,heap     ] GC(20) Humongous regions: 18->16
[14.340s][info][gc,metaspace] GC(20) Metaspace: 125078K(126336K)->125078K(126336K) NonClass: 109447K(110144K)->109447K(110144K) Class: 15631K(16192K)->15631K(16192K)
[14.341s][info][gc          ] GC(20) Pause Young (Normal) (G1 Evacuation Pause) 201M->143M(240M) 29.164ms
[14.341s][info][gc,cpu      ] GC(20) User=0.15s Sys=0.00s Real=0.03s
[14.644s][info][gc,start    ] GC(21) Pause Young (Normal) (G1 Evacuation Pause)
[14.644s][info][gc,task     ] GC(21) Using 8 workers of 8 for evacuation
[14.655s][info][gc,phases   ] GC(21)   Pre Evacuate Collection Set: 0.2ms
[14.656s][info][gc,phases   ] GC(21)   Merge Heap Roots: 0.1ms
[14.656s][info][gc,phases   ] GC(21)   Evacuate Collection Set: 8.6ms
[14.657s][info][gc,phases   ] GC(21)   Post Evacuate Collection Set: 0.9ms
[14.657s][info][gc,phases   ] GC(21)   Other: 1.5ms
[14.657s][info][gc,heap     ] GC(21) Eden regions: 11->0(10)
[14.658s][info][gc,heap     ] GC(21) Survivor regions: 3->2(2)
[14.659s][info][gc,heap     ] GC(21) Old regions: 17->20
[14.660s][info][gc,heap     ] GC(21) Archive regions: 0->0
[14.660s][info][gc,heap     ] GC(21) Humongous regions: 16->16
[14.661s][info][gc,metaspace] GC(21) Metaspace: 126796K(128000K)->126796K(128000K) NonClass: 110893K(111552K)->110893K(111552K) Class: 15903K(16448K)->15903K(16448K)
[14.662s][info][gc          ] GC(21) Pause Young (Normal) (G1 Evacuation Pause) 187M->151M(240M) 17.996ms
[14.662s][info][gc,cpu      ] GC(21) User=0.06s Sys=0.00s Real=0.02s
[14.834s][info][gc,start    ] GC(22) Pause Young (Normal) (G1 Evacuation Pause)
[14.835s][info][gc,task     ] GC(22) Using 8 workers of 8 for evacuation
[14.844s][info][gc,phases   ] GC(22)   Pre Evacuate Collection Set: 0.2ms
[14.845s][info][gc,phases   ] GC(22)   Merge Heap Roots: 0.1ms
[14.845s][info][gc,phases   ] GC(22)   Evacuate Collection Set: 7.0ms
[14.846s][info][gc,phases   ] GC(22)   Post Evacuate Collection Set: 0.7ms
[14.847s][info][gc,phases   ] GC(22)   Other: 1.8ms
[14.847s][info][gc,heap     ] GC(22) Eden regions: 10->0(9)
[14.848s][info][gc,heap     ] GC(22) Survivor regions: 2->2(2)
[14.849s][info][gc,heap     ] GC(22) Old regions: 20->22
[14.849s][info][gc,heap     ] GC(22) Archive regions: 0->0
[14.850s][info][gc,heap     ] GC(22) Humongous regions: 16->16
[14.850s][info][gc,metaspace] GC(22) Metaspace: 128027K(129216K)->128027K(129216K) NonClass: 112038K(112704K)->112038K(112704K) Class: 15989K(16512K)->15989K(16512K)
[14.851s][info][gc          ] GC(22) Pause Young (Normal) (G1 Evacuation Pause) 191M->156M(240M) 16.720ms
[14.852s][info][gc,cpu      ] GC(22) User=0.05s Sys=0.00s Real=0.02s
[15.171s][info][gc,start    ] GC(23) Pause Young (Normal) (G1 Evacuation Pause)
[15.171s][info][gc,task     ] GC(23) Using 8 workers of 8 for evacuation
[15.181s][info][gc,phases   ] GC(23)   Pre Evacuate Collection Set: 0.2ms
[15.182s][info][gc,phases   ] GC(23)   Merge Heap Roots: 0.1ms
[15.183s][info][gc,phases   ] GC(23)   Evacuate Collection Set: 7.7ms
[15.183s][info][gc,phases   ] GC(23)   Post Evacuate Collection Set: 1.0ms
[15.184s][info][gc,phases   ] GC(23)   Other: 1.6ms
[15.185s][info][gc,heap     ] GC(23) Eden regions: 9->0(20)
[15.185s][info][gc,heap     ] GC(23) Survivor regions: 2->2(2)
[15.186s][info][gc,heap     ] GC(23) Old regions: 22->24
[15.187s][info][gc,heap     ] GC(23) Archive regions: 0->0
[15.188s][info][gc,heap     ] GC(23) Humongous regions: 16->16
[15.188s][info][gc,metaspace] GC(23) Metaspace: 128940K(130176K)->128940K(130176K) NonClass: 112920K(113600K)->112920K(113600K) Class: 16020K(16576K)->16020K(16576K)
[15.189s][info][gc          ] GC(23) Pause Young (Normal) (G1 Evacuation Pause) 192M->164M(316M) 18.557ms
[15.190s][info][gc,cpu      ] GC(23) User=0.06s Sys=0.00s Real=0.02s
[15.555s][info][gc,start    ] GC(24) Pause Young (Normal) (G1 Evacuation Pause)
[15.556s][info][gc,task     ] GC(24) Using 8 workers of 8 for evacuation
[15.570s][info][gc,phases   ] GC(24)   Pre Evacuate Collection Set: 0.1ms
[15.571s][info][gc,phases   ] GC(24)   Merge Heap Roots: 0.2ms
[15.572s][info][gc,phases   ] GC(24)   Evacuate Collection Set: 12.4ms
[15.572s][info][gc,phases   ] GC(24)   Post Evacuate Collection Set: 0.6ms
[15.573s][info][gc,phases   ] GC(24)   Other: 1.8ms
[15.574s][info][gc,heap     ] GC(24) Eden regions: 20->0(11)
[15.574s][info][gc,heap     ] GC(24) Survivor regions: 2->3(3)
[15.575s][info][gc,heap     ] GC(24) Old regions: 24->27
[15.576s][info][gc,heap     ] GC(24) Archive regions: 0->0
[15.576s][info][gc,heap     ] GC(24) Humongous regions: 22->22
[15.577s][info][gc,metaspace] GC(24) Metaspace: 129297K(130560K)->129297K(130560K) NonClass: 113277K(113984K)->113277K(113984K) Class: 16020K(16576K)->16020K(16576K)
[15.578s][info][gc          ] GC(24) Pause Young (Normal) (G1 Evacuation Pause) 268M->207M(316M) 22.824ms
[15.579s][info][gc,cpu      ] GC(24) User=0.10s Sys=0.01s Real=0.03s
[15.735s][info][gc,start    ] GC(25) Pause Young (Concurrent Start) (G1 Evacuation Pause)
[15.736s][info][gc,task     ] GC(25) Using 8 workers of 8 for evacuation
[15.753s][info][gc,phases   ] GC(25)   Pre Evacuate Collection Set: 0.3ms
[15.754s][info][gc,phases   ] GC(25)   Merge Heap Roots: 0.2ms
[15.755s][info][gc,phases   ] GC(25)   Evacuate Collection Set: 15.4ms
[15.756s][info][gc,phases   ] GC(25)   Post Evacuate Collection Set: 0.7ms
[15.757s][info][gc,phases   ] GC(25)   Other: 1.6ms
[15.757s][info][gc,heap     ] GC(25) Eden regions: 11->0(6)
[15.758s][info][gc,heap     ] GC(25) Survivor regions: 3->2(2)
[15.759s][info][gc,heap     ] GC(25) Old regions: 27->34
[15.760s][info][gc,heap     ] GC(25) Archive regions: 0->0
[15.760s][info][gc,heap     ] GC(25) Humongous regions: 22->22
[15.761s][info][gc,metaspace] GC(25) Metaspace: 129379K(130624K)->129379K(130624K) NonClass: 113359K(114048K)->113359K(114048K) Class: 16020K(16576K)->16020K(16576K)
[15.762s][info][gc          ] GC(25) Pause Young (Concurrent Start) (G1 Evacuation Pause) 251M->230M(316M) 26.657ms
[15.763s][info][gc,cpu      ] GC(25) User=0.12s Sys=0.00s Real=0.03s
[15.763s][info][gc          ] GC(26) Concurrent Mark Cycle
[15.766s][info][gc,marking  ] GC(26) Concurrent Clear Claimed Marks
[15.766s][info][gc,marking  ] GC(26) Concurrent Clear Claimed Marks 0.771ms
[15.767s][info][gc,marking  ] GC(26) Concurrent Scan Root Regions
[15.779s][info][gc,marking  ] GC(26) Concurrent Scan Root Regions 12.144ms
[15.780s][info][gc,marking  ] GC(26) Concurrent Mark
[15.781s][info][gc,marking  ] GC(26) Concurrent Mark From Roots
[15.781s][info][gc,task     ] GC(26) Using 2 workers of 2 for marking
[15.863s][info][gc,marking  ] GC(26) Concurrent Mark From Roots 82.190ms
[15.864s][info][gc,marking  ] GC(26) Concurrent Preclean
[15.865s][info][gc,marking  ] GC(26) Concurrent Preclean 1.751ms
[15.866s][info][gc,start    ] GC(26) Pause Remark
[15.876s][info][gc          ] GC(26) Pause Remark 237M->209M(356M) 10.004ms
[15.877s][info][gc,cpu      ] GC(26) User=0.05s Sys=0.01s Real=0.02s
[15.878s][info][gc,marking  ] GC(26) Concurrent Mark 98.151ms
[15.878s][info][gc,marking  ] GC(26) Concurrent Rebuild Remembered Sets
[15.951s][info][gc,marking  ] GC(26) Concurrent Rebuild Remembered Sets 72.583ms
[15.952s][info][gc,start    ] GC(26) Pause Cleanup
[15.953s][info][gc          ] GC(26) Pause Cleanup 241M->241M(356M) 0.900ms
[15.954s][info][gc,cpu      ] GC(26) User=0.01s Sys=0.00s Real=0.00s
[15.955s][info][gc,marking  ] GC(26) Concurrent Cleanup for Next Mark
[15.956s][info][gc,marking  ] GC(26) Concurrent Cleanup for Next Mark 1.571ms
[15.957s][info][gc          ] GC(26) Concurrent Mark Cycle 193.285ms
[16.019s][info][gc,start    ] GC(27) Pause Young (Prepare Mixed) (G1 Evacuation Pause)
[16.020s][info][gc,task     ] GC(27) Using 8 workers of 8 for evacuation
[16.029s][info][gc,phases   ] GC(27)   Pre Evacuate Collection Set: 0.2ms
[16.030s][info][gc,phases   ] GC(27)   Merge Heap Roots: 0.2ms
[16.031s][info][gc,phases   ] GC(27)   Evacuate Collection Set: 7.4ms
[16.032s][info][gc,phases   ] GC(27)   Post Evacuate Collection Set: 0.6ms
[16.032s][info][gc,phases   ] GC(27)   Other: 1.7ms
[16.033s][info][gc,heap     ] GC(27) Eden regions: 6->0(3)
[16.034s][info][gc,heap     ] GC(27) Survivor regions: 2->1(1)
[16.035s][info][gc,heap     ] GC(27) Old regions: 34->37
[16.035s][info][gc,heap     ] GC(27) Archive regions: 0->0
[16.036s][info][gc,heap     ] GC(27) Humongous regions: 22->19
[16.037s][info][gc,metaspace] GC(27) Metaspace: 129386K(130688K)->129386K(130688K) NonClass: 113372K(114112K)->113372K(114112K) Class: 16014K(16576K)->16014K(16576K)
[16.038s][info][gc          ] GC(27) Pause Young (Prepare Mixed) (G1 Evacuation Pause) 254M->226M(356M) 18.340ms
[16.038s][info][gc,cpu      ] GC(27) User=0.06s Sys=0.00s Real=0.02s
[16.119s][info][gc,start    ] GC(28) Pause Young (Mixed) (G1 Evacuation Pause)
[16.120s][info][gc,task     ] GC(28) Using 8 workers of 8 for evacuation
[16.128s][info][gc,phases   ] GC(28)   Pre Evacuate Collection Set: 0.2ms
[16.128s][info][gc,phases   ] GC(28)   Merge Heap Roots: 0.1ms
[16.129s][info][gc,phases   ] GC(28)   Evacuate Collection Set: 5.9ms
[16.130s][info][gc,phases   ] GC(28)   Post Evacuate Collection Set: 0.6ms
[16.131s][info][gc,phases   ] GC(28)   Other: 1.7ms
[16.131s][info][gc,heap     ] GC(28) Eden regions: 3->0(11)
[16.132s][info][gc,heap     ] GC(28) Survivor regions: 1->1(1)
[16.132s][info][gc,heap     ] GC(28) Old regions: 37->38
[16.133s][info][gc,heap     ] GC(28) Archive regions: 0->0
[16.134s][info][gc,heap     ] GC(28) Humongous regions: 19->19
[16.134s][info][gc,metaspace] GC(28) Metaspace: 129392K(130688K)->129392K(130688K) NonClass: 113372K(114112K)->113372K(114112K) Class: 16019K(16576K)->16019K(16576K)
[16.135s][info][gc          ] GC(28) Pause Young (Mixed) (G1 Evacuation Pause) 238M->231M(356M) 15.701ms
[16.136s][info][gc,cpu      ] GC(28) User=0.05s Sys=0.00s Real=0.01s
[16.457s][info][gc,start    ] GC(29) Pause Young (Normal) (G1 Evacuation Pause)
[16.458s][info][gc,task     ] GC(29) Using 8 workers of 8 for evacuation
[16.470s][info][gc,phases   ] GC(29)   Pre Evacuate Collection Set: 0.2ms
[16.471s][info][gc,phases   ] GC(29)   Merge Heap Roots: 0.1ms
[16.471s][info][gc,phases   ] GC(29)   Evacuate Collection Set: 9.5ms
[16.472s][info][gc,phases   ] GC(29)   Post Evacuate Collection Set: 1.1ms
[16.473s][info][gc,phases   ] GC(29)   Other: 1.8ms
[16.474s][info][gc,heap     ] GC(29) Eden regions: 11->0(33)
[16.474s][info][gc,heap     ] GC(29) Survivor regions: 1->2(2)
[16.475s][info][gc,heap     ] GC(29) Old regions: 38->41
[16.476s][info][gc,heap     ] GC(29) Archive regions: 0->0
[16.477s][info][gc,heap     ] GC(29) Humongous regions: 19->19
[16.477s][info][gc,metaspace] GC(29) Metaspace: 129401K(130688K)->129401K(130688K) NonClass: 113381K(114112K)->113381K(114112K) Class: 16019K(16576K)->16019K(16576K)
[16.478s][info][gc          ] GC(29) Pause Young (Normal) (G1 Evacuation Pause) 275M->248M(588M) 21.336ms
[16.479s][info][gc,cpu      ] GC(29) User=0.08s Sys=0.00s Real=0.02s
[17.537s][info][gc,start    ] GC(30) Pause Young (Normal) (G1 Evacuation Pause)
[17.538s][info][gc,task     ] GC(30) Using 8 workers of 8 for evacuation
[17.564s][info][gc,phases   ] GC(30)   Pre Evacuate Collection Set: 0.2ms
[17.566s][info][gc,phases   ] GC(30)   Merge Heap Roots: 0.3ms
[17.566s][info][gc,phases   ] GC(30)   Evacuate Collection Set: 24.4ms
[17.567s][info][gc,phases   ] GC(30)   Post Evacuate Collection Set: 0.8ms
[17.568s][info][gc,phases   ] GC(30)   Other: 2.0ms
[17.569s][info][gc,heap     ] GC(30) Eden regions: 33->0(33)
[17.569s][info][gc,heap     ] GC(30) Survivor regions: 2->5(5)
[17.570s][info][gc,heap     ] GC(30) Old regions: 41->47
[17.571s][info][gc,heap     ] GC(30) Archive regions: 0->0
[17.571s][info][gc,heap     ] GC(30) Humongous regions: 19->19
[17.572s][info][gc,metaspace] GC(30) Metaspace: 129761K(131008K)->129761K(131008K) NonClass: 113692K(114368K)->113692K(114368K) Class: 16069K(16640K)->16069K(16640K)
[17.573s][info][gc          ] GC(30) Pause Young (Normal) (G1 Evacuation Pause) 380M->280M(588M) 36.200ms
[17.574s][info][gc,cpu      ] GC(30) User=0.20s Sys=0.01s Real=0.03s
[18.860s][info][gc,start    ] GC(31) Pause Young (Normal) (G1 Evacuation Pause)
[18.861s][info][gc,task     ] GC(31) Using 8 workers of 8 for evacuation
[18.897s][info][gc,phases   ] GC(31)   Pre Evacuate Collection Set: 0.2ms
[18.898s][info][gc,phases   ] GC(31)   Merge Heap Roots: 0.5ms
[18.899s][info][gc,phases   ] GC(31)   Evacuate Collection Set: 33.7ms
[18.900s][info][gc,phases   ] GC(31)   Post Evacuate Collection Set: 1.0ms
[18.901s][info][gc,phases   ] GC(31)   Other: 1.7ms
[18.902s][info][gc,heap     ] GC(31) Eden regions: 33->0(26)
[18.903s][info][gc,heap     ] GC(31) Survivor regions: 5->5(5)
[18.904s][info][gc,heap     ] GC(31) Old regions: 47->56
[18.905s][info][gc,heap     ] GC(31) Archive regions: 0->0
[18.906s][info][gc,heap     ] GC(31) Humongous regions: 19->19
[18.907s][info][gc,metaspace] GC(31) Metaspace: 130012K(131264K)->130012K(131264K) NonClass: 113928K(114624K)->113928K(114624K) Class: 16084K(16640K)->16084K(16640K)
[18.908s][info][gc          ] GC(31) Pause Young (Normal) (G1 Evacuation Pause) 412M->320M(588M) 48.125ms
[18.909s][info][gc,cpu      ] GC(31) User=0.25s Sys=0.01s Real=0.05s
[19.853s][info][gc,start    ] GC(32) Pause Young (Normal) (G1 Evacuation Pause)
[19.854s][info][gc,task     ] GC(32) Using 8 workers of 8 for evacuation
[19.895s][info][gc,phases   ] GC(32)   Pre Evacuate Collection Set: 0.2ms
[19.896s][info][gc,phases   ] GC(32)   Merge Heap Roots: 0.5ms
[19.897s][info][gc,phases   ] GC(32)   Evacuate Collection Set: 39.3ms
[19.898s][info][gc,phases   ] GC(32)   Post Evacuate Collection Set: 0.6ms
[19.899s][info][gc,phases   ] GC(32)   Other: 1.7ms
[19.899s][info][gc,heap     ] GC(32) Eden regions: 26->0(22)
[19.900s][info][gc,heap     ] GC(32) Survivor regions: 5->4(4)
[19.901s][info][gc,heap     ] GC(32) Old regions: 56->66
[19.901s][info][gc,heap     ] GC(32) Archive regions: 0->0
[19.902s][info][gc,heap     ] GC(32) Humongous regions: 19->19
[19.903s][info][gc,metaspace] GC(32) Metaspace: 130114K(131328K)->130114K(131328K) NonClass: 114023K(114688K)->114023K(114688K) Class: 16090K(16640K)->16090K(16640K)
[19.903s][info][gc          ] GC(32) Pause Young (Normal) (G1 Evacuation Pause) 424M->355M(588M) 50.414ms
[19.904s][info][gc,cpu      ] GC(32) User=0.32s Sys=0.00s Real=0.05s
[20.517s][info][gc,start    ] GC(33) Pause Young (Normal) (G1 Evacuation Pause)
[20.518s][info][gc,task     ] GC(33) Using 8 workers of 8 for evacuation
[20.541s][info][gc,phases   ] GC(33)   Pre Evacuate Collection Set: 0.2ms
[20.542s][info][gc,phases   ] GC(33)   Merge Heap Roots: 0.2ms
[20.543s][info][gc,phases   ] GC(33)   Evacuate Collection Set: 20.4ms
[20.544s][info][gc,phases   ] GC(33)   Post Evacuate Collection Set: 1.1ms
[20.545s][info][gc,phases   ] GC(33)   Other: 2.2ms
[20.545s][info][gc,heap     ] GC(33) Eden regions: 22->0(35)
[20.546s][info][gc,heap     ] GC(33) Survivor regions: 4->4(4)
[20.547s][info][gc,heap     ] GC(33) Old regions: 66->73
[20.547s][info][gc,heap     ] GC(33) Archive regions: 0->0
[20.548s][info][gc,heap     ] GC(33) Humongous regions: 19->19
[20.549s][info][gc,metaspace] GC(33) Metaspace: 130346K(131584K)->130346K(131584K) NonClass: 114238K(114944K)->114238K(114944K) Class: 16108K(16640K)->16108K(16640K)
[20.550s][info][gc          ] GC(33) Pause Young (Normal) (G1 Evacuation Pause) 443M->382M(708M) 32.026ms
[20.550s][info][gc,cpu      ] GC(33) User=0.16s Sys=0.01s Real=0.03s
[21.148s][info][gc,heap,exit] Heap
[21.149s][info][gc,heap,exit]  garbage-first heap   total 724992K, used 463941K [0x00000006ab400000, 0x0000000800000000)
[21.149s][info][gc,heap,exit]   region size 4096K, 22 young (90112K), 4 survivors (16384K)
[21.150s][info][gc,heap,exit]  Metaspace       used 132873K, committed 134080K, reserved 1171456K
[21.150s][info][gc,heap,exit]   class space    used 16392K, committed 16896K, reserved 1048576K
